C51 COMPILER V9.00   MAIN                                                                  08/25/2014 10:09:49 PAGE 1   


C51 COMPILER V9.00, COMPILATION OF MODULE MAIN
OBJECT MODULE PLACED IN main.OBJ
COMPILER INVOKED BY: C:\Keil\C51\BIN\C51.EXE main.c BROWSE DEBUG OBJECTEXTEND

line level    source

   1          #include <reg52.h>
   2          #include <intrins.h>
   3          #define uchar unsigned char
   4          #define uint  unsigned int
   5          //定义Max7219端口
   6          sbit Max7219_pinCLK = P2^2;
   7          sbit Max7219_pinCS  = P2^1;
   8          sbit Max7219_pinDIN = P2^0;
   9          uchar code disp1[38][8]={
  10          {0x3C,0x42,0x42,0x42,0x42,0x42,0x42,0x3C},//0
  11          {0x10,0x18,0x14,0x10,0x10,0x10,0x10,0x10},//1
  12          {0x7E,0x2,0x2,0x7E,0x40,0x40,0x40,0x7E},//2
  13          {0x3E,0x2,0x2,0x3E,0x2,0x2,0x3E,0x0},//3
  14          {0x8,0x18,0x28,0x48,0xFE,0x8,0x8,0x8},//4
  15          {0x3C,0x20,0x20,0x3C,0x4,0x4,0x3C,0x0},//5
  16          {0x3C,0x20,0x20,0x3C,0x24,0x24,0x3C,0x0},//6
  17          {0x3E,0x22,0x4,0x8,0x8,0x8,0x8,0x8},//7
  18          {0x0,0x3E,0x22,0x22,0x3E,0x22,0x22,0x3E},//8
  19          {0x3E,0x22,0x22,0x3E,0x2,0x2,0x2,0x3E},//9
  20          {0x8,0x14,0x22,0x3E,0x22,0x22,0x22,0x22},//A
  21          {0x3C,0x22,0x22,0x3E,0x22,0x22,0x3C,0x0},//B
  22          {0x3C,0x40,0x40,0x40,0x40,0x40,0x3C,0x0},//C
  23          {0x7C,0x42,0x42,0x42,0x42,0x42,0x7C,0x0},//D
  24          {0x7C,0x40,0x40,0x7C,0x40,0x40,0x40,0x7C},//E
  25          {0x7C,0x40,0x40,0x7C,0x40,0x40,0x40,0x40},//F
  26          {0x3C,0x40,0x40,0x40,0x40,0x44,0x44,0x3C},//G
  27          {0x44,0x44,0x44,0x7C,0x44,0x44,0x44,0x44},//H
  28          {0x7C,0x10,0x10,0x10,0x10,0x10,0x10,0x7C},//I
  29          {0x3C,0x8,0x8,0x8,0x8,0x8,0x48,0x30},//J
  30          {0x0,0x24,0x28,0x30,0x20,0x30,0x28,0x24},//K
  31          {0x40,0x40,0x40,0x40,0x40,0x40,0x40,0x7C},//L
  32          {0x81,0xC3,0xA5,0x99,0x81,0x81,0x81,0x81},//M
  33          {0x0,0x42,0x62,0x52,0x4A,0x46,0x42,0x0},//N
  34          {0x3C,0x42,0x42,0x42,0x42,0x42,0x42,0x3C},//O
  35          {0x3C,0x22,0x22,0x22,0x3C,0x20,0x20,0x20},//P
  36          {0x1C,0x22,0x22,0x22,0x22,0x26,0x22,0x1D},//Q
  37          {0x3C,0x22,0x22,0x22,0x3C,0x24,0x22,0x21},//R
  38          {0x0,0x1E,0x20,0x20,0x3E,0x2,0x2,0x3C},//S
  39          {0x0,0x3E,0x8,0x8,0x8,0x8,0x8,0x8},//T
  40          {0x42,0x42,0x42,0x42,0x42,0x42,0x22,0x1C},//U
  41          {0x42,0x42,0x42,0x42,0x42,0x42,0x24,0x18},//V
  42          {0x0,0x49,0x49,0x49,0x49,0x2A,0x1C,0x0},//W
  43          {0x0,0x41,0x22,0x14,0x8,0x14,0x22,0x41},//X
  44          {0x41,0x22,0x14,0x8,0x8,0x8,0x8,0x8},//Y
  45          {0x0,0x7F,0x2,0x4,0x8,0x10,0x20,0x7F},//Z
  46          {0x8,0x7F,0x49,0x49,0x7F,0x8,0x8,0x8},//中
  47          {0xFE,0xBA,0x92,0xBA,0x92,0x9A,0xBA,0xFE},//国
  48          };
  49          void Delay_xms(uint x)
  50          {
  51   1       uint i,j;
  52   1       for(i=0;i<x;i++)
  53   1        for(j=0;j<112;j++);
  54   1      }
  55          //--------------------------------------------
C51 COMPILER V9.00   MAIN                                                                  08/25/2014 10:09:49 PAGE 2   

  56          //功能：向MAX7219(U3)写入字节
  57          //入口参数：DATA 
  58          //出口参数：无
  59          //说明：
  60          void Write_Max7219_byte(uchar DATA)         
  61          {
  62   1              uchar i;    
  63   1                      Max7219_pinCS=0;                
  64   1                  for(i=8;i>=1;i--)
  65   1                {               
  66   2                  Max7219_pinCLK=0;
  67   2                  Max7219_pinDIN=DATA&0x80;
  68   2                  DATA=DATA<<1;
  69   2                  Max7219_pinCLK=1;
  70   2                 }                                 
  71   1      }
  72          //-------------------------------------------
  73          //功能：向MAX7219写入数据
  74          //入口参数：address、dat
  75          //出口参数：无
  76          //说明：
  77          void Write_Max7219(uchar address,uchar dat)
  78          { 
  79   1           Max7219_pinCS=0;
  80   1               Write_Max7219_byte(address);           //写入地址，即数码管编号
  81   1           Write_Max7219_byte(dat);               //写入数据，即数码管显示数字 
  82   1               Max7219_pinCS=1;                        
  83   1      }
  84          
  85          void Init_MAX7219(void)
  86          {
  87   1       Write_Max7219(0x09, 0x00);       //译码方式：BCD码
  88   1       Write_Max7219(0x0a, 0x03);       //亮度 
  89   1       Write_Max7219(0x0b, 0x07);       //扫描界限；8个数码管显示
  90   1       Write_Max7219(0x0c, 0x01);       //掉电模式：0，普通模式：1
  91   1       Write_Max7219(0x0f, 0x00);       //显示测试：1；测试结束，正常显示：0
  92   1      }
  93          void main(void)
  94          {
  95   1       uchar i,j;
  96   1       Delay_xms(50);
  97   1       Init_MAX7219();  
  98   1       while(1)
  99   1       {
 100   2        for(j=0;j<38;j++)
 101   2        {
 102   3         for(i=1;i<9;i++)
 103   3          Write_Max7219(i,disp1[j][i-1]);
 104   3         Delay_xms(1000);
 105   3        }  
 106   2       } 
 107   1      }


MODULE INFORMATION:   STATIC OVERLAYABLE
   CODE SIZE        =    162    ----
   CONSTANT SIZE    =    304    ----
   XDATA SIZE       =   ----    ----
   PDATA SIZE       =   ----    ----
   DATA SIZE        =   ----    ----
   IDATA SIZE       =   ----    ----
   BIT SIZE         =   ----    ----
C51 COMPILER V9.00   MAIN                                                                  08/25/2014 10:09:49 PAGE 3   

END OF MODULE INFORMATION.


C51 COMPILATION COMPLETE.  0 WARNING(S),  0 ERROR(S)
