(---------------------------------------------------------------------)
(                                                                     )
(    Allegro Netrev Import Logic                                      )
(                                                                     )
(    Drawing          : temperature.brd                               )
(    Software Version : 16.6-2015S108                                 )
(    Date/Time        : Tue Jul 09 23:33:43 2019                      )
(                                                                     )
(---------------------------------------------------------------------)


------ Directives ------------

Ripup etch:                  No
Ripup delete first segment:  No
Ripup retain bondwire:       No
Ripup symbols:               Always
Missing symbol has error:    No
DRC update:                  Yes
Schematic directory:         'C:\WORKSPACE\CADENCE\TEMPERATURE_T_2\allegro'
Design Directory:            'C:/Workspace/Cadence/temperature_t_2'
Old design name:             'C:/Workspace/Cadence/temperature_t_2/temperature.brd'
New design name:             'C:/Workspace/Cadence/temperature_t_2/temperature.brd'

CmdLine: netrev.exe -y 1 -i C:\WORKSPACE\CADENCE\TEMPERATURE_T_2\allegro C:\Workspace\Cadence\temperature_t_2\temperature.brd C:\Workspace\Cadence\temperature_t_2\temperature.brd

------ Preparing to read pst files ------

Starting to read C:/WORKSPACE/CADENCE/TEMPERATURE_T_2/allegro/pstchip.dat 
   Finished reading C:/WORKSPACE/CADENCE/TEMPERATURE_T_2/allegro/pstchip.dat (00:00:00.41)
Starting to read C:/WORKSPACE/CADENCE/TEMPERATURE_T_2/allegro/pstxprt.dat 
   Finished reading C:/WORKSPACE/CADENCE/TEMPERATURE_T_2/allegro/pstxprt.dat (00:00:00.00)
Starting to read C:/WORKSPACE/CADENCE/TEMPERATURE_T_2/allegro/pstxnet.dat 
   Finished reading C:/WORKSPACE/CADENCE/TEMPERATURE_T_2/allegro/pstxnet.dat (00:00:00.01)

------ Oversights/Warnings/Errors ------


------ Library Paths ------
MODULEPATH =  . 
           C:/Cadence/Cadence_SPB_16.6/share/local/pcb/modules 

PSMPATH =  . 
           symbols 
           .. 
           ../symbols 
           C:/Cadence/Cadence_SPB_16.6/share/local/pcb/symbols 
           C:/Cadence/Cadence_SPB_16.6/share/pcb/pcb_lib/symbols 
           C:/Cadence/Cadence_SPB_16.6/share/pcb/allegrolib/symbols 
           C:/Workspace/Cadence/temperature_t/FZ/ 

PADPATH =  . 
           symbols 
           .. 
           ../symbols 
           C:/Cadence/Cadence_SPB_16.6/share/local/pcb/padstacks 
           C:/Cadence/Cadence_SPB_16.6/share/pcb/pcb_lib/symbols 
           C:/Cadence/Cadence_SPB_16.6/share/pcb/allegrolib/symbols 
           C:/Workspace/Cadence/temperature_t/FZ/ 


------ Summary Statistics ------


netrev run on Jul 9 23:33:43 2019
   DESIGN NAME : 'TEMPERATURE'
   PACKAGING ON Feb 15 2016 19:53:59

   COMPILE 'logic'
   CHECK_PIN_NAMES OFF
   CROSS_REFERENCE OFF
   FEEDBACK OFF
   INCREMENTAL OFF
   INTERFACE_TYPE PHYSICAL
   MAX_ERRORS 500
   MERGE_MINIMUM 5
   NET_NAME_CHARS '#%&()*+-./:=>?@[]^_`|'
   NET_NAME_LENGTH 24
   OVERSIGHTS ON
   REPLACE_CHECK OFF
   SINGLE_NODE_NETS ON
   SPLIT_MINIMUM 0
   SUPPRESS   20
   WARNINGS ON

 No error detected
 No oversight detected
 No warning detected

cpu time      0:13:41
elapsed time  0:00:03

